../Core/Src/main.c:122:6:myPrintf	152	static
../Core/Src/main.c:144:13:TASK_DHT11_Measure	32	static
../Core/Src/main.c:159:13:TASK_CheckThreshold_And_Blink	24	static
../Core/Src/main.c:186:13:TASK_LCD_Update	64	static
../Core/Src/main.c:214:13:TASK_UART_SendStatus	192	static
../Core/Src/main.c:240:17:clamp_u32	24	static
../Core/Src/main.c:249:13:TASK_UART_ParseLine	200	static
../Core/Src/main.c:306:5:main	16	static
../Core/Src/main.c:430:6:SystemClock_Config	72	static
../Core/Src/main.c:470:13:MX_I2C1_Init	8	static
../Core/Src/main.c:504:13:MX_TIM2_Init	32	static
../Core/Src/main.c:549:13:MX_USART1_UART_Init	8	static
../Core/Src/main.c:582:13:MX_GPIO_Init	40	static
../Core/Src/main.c:616:6:HAL_UART_RxCpltCallback	24	static
../Core/Src/main.c:651:6:Error_Handler	4	static,ignoring_inline_asm
