../Core/Src/main.c:140:6:myPrintf	144	static
../Core/Src/main.c:158:13:Exec_DHT11	24	static
../Core/Src/main.c:177:13:Exec_WarningLED	16	static
../Core/Src/main.c:199:13:Exec_LCD	56	static
../Core/Src/main.c:216:13:Exec_UARTTX	48	static
../Core/Src/main.c:223:13:Exec_UARTRX_Parse	56	static
../Core/Src/main.c:252:5:main	8	static
../Core/Src/main.c:392:6:SystemClock_Config	72	static
../Core/Src/main.c:432:13:MX_I2C1_Init	8	static
../Core/Src/main.c:463:13:MX_TIM2_Init	32	static
../Core/Src/main.c:505:13:MX_USART1_UART_Init	8	static
../Core/Src/main.c:535:13:MX_GPIO_Init	40	static
../Core/Src/main.c:569:6:HAL_UART_RxCpltCallback	16	static
../Core/Src/main.c:595:6:StartDefaultTask	16	static
../Core/Src/main.c:605:6:rxStartTask02	16	static
../Core/Src/main.c:639:6:waStartTask03	24	static
../Core/Src/main.c:676:6:txStartTask04	24	static
../Core/Src/main.c:706:6:lcdStartTask05	24	static
../Core/Src/main.c:735:6:dht11StartTask06	24	static
../Core/Src/main.c:774:6:HAL_TIM_PeriodElapsedCallback	16	static
../Core/Src/main.c:793:6:Error_Handler	4	static
