../Core/Src/main.c:117:13:TASK_DHT11_Measure	32	static
../Core/Src/main.c:132:13:TASK_CheckThreshold_BlinkOnce	16	static
../Core/Src/main.c:148:13:TASK_LCD_Update	64	static
../Core/Src/main.c:176:13:TASK_UART_SendStatus	192	static
../Core/Src/main.c:202:17:clamp_u32	24	static
../Core/Src/main.c:211:13:TASK_UART_ParseLine	200	static
../Core/Src/main.c:268:5:main	16	static
../Core/Src/main.c:366:6:SystemClock_Config	72	static
../Core/Src/main.c:406:13:MX_I2C1_Init	8	static
../Core/Src/main.c:440:13:MX_TIM2_Init	32	static
../Core/Src/main.c:485:13:MX_USART1_UART_Init	8	static
../Core/Src/main.c:518:13:MX_GPIO_Init	40	static
../Core/Src/main.c:552:6:HAL_UART_RxCpltCallback	24	static
../Core/Src/main.c:587:6:Error_Handler	4	static,ignoring_inline_asm
