../Core/Src/main.c:68:6:push_event	16	static
../Core/Src/main.c:77:11:pop_event	16	static
../Core/Src/main.c:132:13:TASK_DHT11_Measure	32	static
../Core/Src/main.c:147:13:TASK_CheckThreshold_BlinkOnce	16	static
../Core/Src/main.c:169:13:TASK_LCD_Update	64	static
../Core/Src/main.c:196:13:TASK_UART_SendStatus	184	static
../Core/Src/main.c:225:13:TASK_UART_ParseLine	200	static
../Core/Src/main.c:280:5:main	16	static,ignoring_inline_asm
../Core/Src/main.c:385:6:SystemClock_Config	72	static
../Core/Src/main.c:425:13:MX_I2C1_Init	8	static
../Core/Src/main.c:459:13:MX_TIM1_Init	32	static
../Core/Src/main.c:505:13:MX_TIM2_Init	32	static
../Core/Src/main.c:550:13:MX_TIM3_Init	32	static
../Core/Src/main.c:595:13:MX_TIM4_Init	32	static
../Core/Src/main.c:640:13:MX_USART1_UART_Init	8	static
../Core/Src/main.c:673:13:MX_GPIO_Init	40	static
../Core/Src/main.c:712:6:HAL_TIM_PeriodElapsedCallback	16	static
../Core/Src/main.c:718:6:HAL_UART_RxCpltCallback	24	static
../Core/Src/main.c:753:6:Error_Handler	4	static,ignoring_inline_asm
